Archive member included to satisfy reference by file (symbol)

c:/st/stm32cubeide_1.12.0/stm32cubeide/plugins/com.st.stm32cube.ide.mcu.externaltools.gnu-tools-for-stm32.10.3-2021.10.win32_1.0.200.202301161003/tools/bin/../lib/gcc/arm-none-eabi/10.3.1/../../../../arm-none-eabi/lib/thumb/v7e-m+fp/hard\libc_nano.a(lib_a-errno.o)
                              ./Core/Src/syscalls.o (__errno)
c:/st/stm32cubeide_1.12.0/stm32cubeide/plugins/com.st.stm32cube.ide.mcu.externaltools.gnu-tools-for-stm32.10.3-2021.10.win32_1.0.200.202301161003/tools/bin/../lib/gcc/arm-none-eabi/10.3.1/../../../../arm-none-eabi/lib/thumb/v7e-m+fp/hard\libc_nano.a(lib_a-exit.o)
                              c:/st/stm32cubeide_1.12.0/stm32cubeide/plugins/com.st.stm32cube.ide.mcu.externaltools.gnu-tools-for-stm32.10.3-2021.10.win32_1.0.200.202301161003/tools/bin/../lib/gcc/arm-none-eabi/10.3.1/../../../../arm-none-eabi/lib/thumb/v7e-m+fp/hard/crt0.o (exit)
c:/st/stm32cubeide_1.12.0/stm32cubeide/plugins/com.st.stm32cube.ide.mcu.externaltools.gnu-tools-for-stm32.10.3-2021.10.win32_1.0.200.202301161003/tools/bin/../lib/gcc/arm-none-eabi/10.3.1/../../../../arm-none-eabi/lib/thumb/v7e-m+fp/hard\libc_nano.a(lib_a-impure.o)
                              c:/st/stm32cubeide_1.12.0/stm32cubeide/plugins/com.st.stm32cube.ide.mcu.externaltools.gnu-tools-for-stm32.10.3-2021.10.win32_1.0.200.202301161003/tools/bin/../lib/gcc/arm-none-eabi/10.3.1/../../../../arm-none-eabi/lib/thumb/v7e-m+fp/hard\libc_nano.a(lib_a-exit.o) (_global_impure_ptr)
c:/st/stm32cubeide_1.12.0/stm32cubeide/plugins/com.st.stm32cube.ide.mcu.externaltools.gnu-tools-for-stm32.10.3-2021.10.win32_1.0.200.202301161003/tools/bin/../lib/gcc/arm-none-eabi/10.3.1/../../../../arm-none-eabi/lib/thumb/v7e-m+fp/hard\libc_nano.a(lib_a-init.o)
                              c:/st/stm32cubeide_1.12.0/stm32cubeide/plugins/com.st.stm32cube.ide.mcu.externaltools.gnu-tools-for-stm32.10.3-2021.10.win32_1.0.200.202301161003/tools/bin/../lib/gcc/arm-none-eabi/10.3.1/../../../../arm-none-eabi/lib/thumb/v7e-m+fp/hard/crt0.o (__libc_init_array)
c:/st/stm32cubeide_1.12.0/stm32cubeide/plugins/com.st.stm32cube.ide.mcu.externaltools.gnu-tools-for-stm32.10.3-2021.10.win32_1.0.200.202301161003/tools/bin/../lib/gcc/arm-none-eabi/10.3.1/../../../../arm-none-eabi/lib/thumb/v7e-m+fp/hard\libc_nano.a(lib_a-memset.o)
                              c:/st/stm32cubeide_1.12.0/stm32cubeide/plugins/com.st.stm32cube.ide.mcu.externaltools.gnu-tools-for-stm32.10.3-2021.10.win32_1.0.200.202301161003/tools/bin/../lib/gcc/arm-none-eabi/10.3.1/../../../../arm-none-eabi/lib/thumb/v7e-m+fp/hard/crt0.o (memset)
c:/st/stm32cubeide_1.12.0/stm32cubeide/plugins/com.st.stm32cube.ide.mcu.externaltools.gnu-tools-for-stm32.10.3-2021.10.win32_1.0.200.202301161003/tools/bin/../lib/gcc/arm-none-eabi/10.3.1/../../../../arm-none-eabi/lib/thumb/v7e-m+fp/hard\libc_nano.a(lib_a-sprintf.o)
                              ./nrf24/src/nrf24_ELBC.o (sprintf)
c:/st/stm32cubeide_1.12.0/stm32cubeide/plugins/com.st.stm32cube.ide.mcu.externaltools.gnu-tools-for-stm32.10.3-2021.10.win32_1.0.200.202301161003/tools/bin/../lib/gcc/arm-none-eabi/10.3.1/../../../../arm-none-eabi/lib/thumb/v7e-m+fp/hard\libc_nano.a(lib_a-strlen.o)
                              ./nrf24/src/nrf24_ELBC.o (strlen)
c:/st/stm32cubeide_1.12.0/stm32cubeide/plugins/com.st.stm32cube.ide.mcu.externaltools.gnu-tools-for-stm32.10.3-2021.10.win32_1.0.200.202301161003/tools/bin/../lib/gcc/arm-none-eabi/10.3.1/../../../../arm-none-eabi/lib/thumb/v7e-m+fp/hard\libc_nano.a(lib_a-nano-svfprintf.o)
                              c:/st/stm32cubeide_1.12.0/stm32cubeide/plugins/com.st.stm32cube.ide.mcu.externaltools.gnu-tools-for-stm32.10.3-2021.10.win32_1.0.200.202301161003/tools/bin/../lib/gcc/arm-none-eabi/10.3.1/../../../../arm-none-eabi/lib/thumb/v7e-m+fp/hard\libc_nano.a(lib_a-sprintf.o) (_svfprintf_r)
c:/st/stm32cubeide_1.12.0/stm32cubeide/plugins/com.st.stm32cube.ide.mcu.externaltools.gnu-tools-for-stm32.10.3-2021.10.win32_1.0.200.202301161003/tools/bin/../lib/gcc/arm-none-eabi/10.3.1/../../../../arm-none-eabi/lib/thumb/v7e-m+fp/hard\libc_nano.a(lib_a-nano-vfprintf_i.o)
                              c:/st/stm32cubeide_1.12.0/stm32cubeide/plugins/com.st.stm32cube.ide.mcu.externaltools.gnu-tools-for-stm32.10.3-2021.10.win32_1.0.200.202301161003/tools/bin/../lib/gcc/arm-none-eabi/10.3.1/../../../../arm-none-eabi/lib/thumb/v7e-m+fp/hard\libc_nano.a(lib_a-nano-svfprintf.o) (_printf_i)
c:/st/stm32cubeide_1.12.0/stm32cubeide/plugins/com.st.stm32cube.ide.mcu.externaltools.gnu-tools-for-stm32.10.3-2021.10.win32_1.0.200.202301161003/tools/bin/../lib/gcc/arm-none-eabi/10.3.1/../../../../arm-none-eabi/lib/thumb/v7e-m+fp/hard\libc_nano.a(lib_a-memchr.o)
[...]
Memory Configuration

Name             Origin             Length             Attributes
CCMRAM           0x0000000010000000 0x0000000000010000 xrw
RAM              0x0000000020000000 0x0000000000020000 xrw
FLASH            0x0000000008000000 0x0000000000100000 xr
*default*        0x0000000000000000 0xffffffffffffffff

Linker script and memory map

LOAD c:/st/stm32cubeide_1.12.0/stm32cubeide/plugins/com.st.stm32cube.ide.mcu.externaltools.gnu-tools-for-stm32.10.3-2021.10.win32_1.0.200.202301161003/tools/bin/../lib/gcc/arm-none-eabi/10.3.1/thumb/v7e-m+fp/hard/crti.o
LOAD c:/st/stm32cubeide_1.12.0/stm32cubeide/plugins/com.st.stm32cube.ide.mcu.externaltools.gnu-tools-for-stm32.10.3-2021.10.win32_1.0.200.202301161003/tools/bin/../lib/gcc/arm-none-eabi/10.3.1/thumb/v7e-m+fp/hard/crtbegin.o
LOAD c:/st/stm32cubeide_1.12.0/stm32cubeide/plugins/com.st.stm32cube.ide.mcu.externaltools.gnu-tools-for-stm32.10.3-2021.10.win32_1.0.200.202301161003/tools/bin/../lib/gcc/arm-none-eabi/10.3.1/../../../../arm-none-eabi/lib/thumb/v7e-m+fp/hard/crt0.o
LOAD ./Core/Src/main.o
LOAD ./Core/Src/stm32f4xx_hal_msp.o
LOAD ./Core/Src/stm32f4xx_it.o
LOAD ./Core/Src/syscalls.o
LOAD ./Core/Src/sysmem.o
LOAD ./Core/Src/system_stm32f4xx.o
LOAD ./Core/Startup/startup_stm32f405rgtx.o
LOAD ./Drivers/STM32F4xx_HAL_Driver/Src/stm32f4xx_hal.o
LOAD ./Drivers/STM32F4xx_HAL_Driver/Src/stm32f4xx_hal_cortex.o
LOAD ./Drivers/STM32F4xx_HAL_Driver/Src/stm32f4xx_hal_dma.o
LOAD ./Drivers/STM32F4xx_HAL_Driver/Src/stm32f4xx_hal_dma_ex.o
LOAD ./Drivers/STM32F4xx_HAL_Driver/Src/stm32f4xx_hal_exti.o
LOAD ./Drivers/STM32F4xx_HAL_Driver/Src/stm32f4xx_hal_flash.o
LOAD ./Drivers/STM32F4xx_HAL_Driver/Src/stm32f4xx_hal_flash_ex.o
LOAD ./Drivers/STM32F4xx_HAL_Driver/Src/stm32f4xx_hal_flash_ramfunc.o
LOAD ./Drivers/STM32F4xx_HAL_Driver/Src/stm32f4xx_hal_gpio.o
LOAD ./Drivers/STM32F4xx_HAL_Driver/Src/stm32f4xx_hal_pwr.o
LOAD ./Drivers/STM32F4xx_HAL_Driver/Src/stm32f4xx_hal_pwr_ex.o
LOAD ./Drivers/STM32F4xx_HAL_Driver/Src/stm32f4xx_hal_rcc.o
LOAD ./Drivers/STM32F4xx_HAL_Driver/Src/stm32f4xx_hal_rcc_ex.o
LOAD ./Drivers/STM32F4xx_HAL_Driver/Src/stm32f4xx_hal_spi.o
LOAD ./Drivers/STM32F4xx_HAL_Driver/Src/stm32f4xx_hal_tim.o
LOAD ./Drivers/STM32F4xx_HAL_Driver/Src/stm32f4xx_hal_tim_ex.o
LOAD ./Drivers/STM32F4xx_HAL_Driver/Src/stm32f4xx_hal_uart.o
LOAD ./nrf24/src/nrf24_ELBC.o
START GROUP
LOAD c:/st/stm32cubeide_1.12.0/stm32cubeide/plugins/com.st.stm32cube.ide.mcu.externaltools.gnu-tools-for-stm32.10.3-2021.10.win32_1.0.200.202301161003/tools/bin/../lib/gcc/arm-none-eabi/10.3.1/../../../../arm-none-eabi/lib/thumb/v7e-m+fp/hard\libc_nano.a
LOAD c:/st/stm32cubeide_1.12.0/stm32cubeide/plugins/com.st.stm32cube.ide.mcu.externaltools.gnu-tools-for-stm32.10.3-2021.10.win32_1.0.200.202301161003/tools/bin/../lib/gcc/arm-none-eabi/10.3.1/../../../../arm-none-eabi/lib/thumb/v7e-m+fp/hard\libm.a
END GROUP
START GROUP
LOAD c:/st/stm32cubeide_1.12.0/stm32cubeide/plugins/com.st.stm32cube.ide.mcu.externaltools.gnu-tools-for-stm32.10.3-2021.10.win32_1.0.200.202301161003/tools/bin/../lib/gcc/arm-none-eabi/10.3.1/thumb/v7e-m+fp/hard\libgcc.a
LOAD c:/st/stm32cubeide_1.12.0/stm32cubeide/plugins/com.st.stm32cube.ide.mcu.externaltools.gnu-tools-for-stm32.10.3-2021.10.win32_1.0.200.202301161003/tools/bin/../lib/gcc/arm-none-eabi/10.3.1/../../../../arm-none-eabi/lib/thumb/v7e-m+fp/hard\libc_nano.a
END GROUP
START GROUP
LOAD c:/st/stm32cubeide_1.12.0/stm32cubeide/plugins/com.st.stm32cube.ide.mcu.externaltools.gnu-tools-for-stm32.10.3-2021.10.win32_1.0.200.202301161003/tools/bin/../lib/gcc/arm-none-eabi/10.3.1/thumb/v7e-m+fp/hard\libgcc.a
LOAD c:/st/stm32cubeide_1.12.0/stm32cubeide/plugins/com.st.stm32cube.ide.mcu.externaltools.gnu-tools-for-stm32.10.3-2021.10.win32_1.0.200.202301161003/tools/bin/../lib/gcc/arm-none-eabi/10.3.1/../../../../arm-none-eabi/lib/thumb/v7e-m+fp/hard\libc_nano.a
LOAD c:/st/stm32cubeide_1.12.0/stm32cubeide/plugins/com.st.stm32cube.ide.mcu.externaltools.gnu-tools-for-stm32.10.3-2021.10.win32_1.0.200.202301161003/tools/bin/../lib/gcc/arm-none-eabi/10.3.1/../../../../arm-none-eabi/lib/thumb/v7e-m+fp/hard\libnosys.a
END GROUP
START GROUP
LOAD c:/st/stm32cubeide_1.12.0/stm32cubeide/plugins/com.st.stm32cube.ide.mcu.externaltools.gnu-tools-for-stm32.10.3-2021.10.win32_1.0.200.202301161003/tools/bin/../lib/gcc/arm-none-eabi/10.3.1/thumb/v7e-m+fp/hard\libgcc.a
LOAD c:/st/stm32cubeide_1.12.0/stm32cubeide/plugins/com.st.stm32cube.ide.mcu.externaltools.gnu-tools-for-stm32.10.3-2021.10.win32_1.0.200.202301161003/tools/bin/../lib/gcc/arm-none-eabi/10.3.1/../../../../arm-none-eabi/lib/thumb/v7e-m+fp/hard\libc_nano.a
LOAD c:/st/stm32cubeide_1.12.0/stm32cubeide/plugins/com.st.stm32cube.ide.mcu.externaltools.gnu-tools-for-stm32.10.3-2021.10.win32_1.0.200.202301161003/tools/bin/../lib/gcc/arm-none-eabi/10.3.1/../../../../arm-none-eabi/lib/thumb/v7e-m+fp/hard\libnosys.a
END GROUP
LOAD c:/st/stm32cubeide_1.12.0/stm32cubeide/plugins/com.st.stm32cube.ide.mcu.externaltools.gnu-tools-for-stm32.10.3-2021.10.win32_1.0.200.202301161003/tools/bin/../lib/gcc/arm-none-eabi/10.3.1/thumb/v7e-m+fp/hard/crtend.o
LOAD c:/st/stm32cubeide_1.12.0/stm32cubeide/plugins/com.st.stm32cube.ide.mcu.externaltools.gnu-tools-for-stm32.10.3-2021.10.win32_1.0.200.202301161003/tools/bin/../lib/gcc/arm-none-eabi/10.3.1/thumb/v7e-m+fp/hard/crtn.o
                0x0000000020020000                _estack = (ORIGIN (RAM) + LENGTH (RAM))
                0x0000000000000200                _Min_Heap_Size = 0x200
                0x0000000000000400                _Min_Stack_Size = 0x400

.isr_vector     0x0000000008000000      0x188
                0x0000000008000000                . = ALIGN (0x4)
 *(.isr_vector)
 .isr_vector    0x0000000008000000      0x188 ./Core/Startup/startup_stm32f405rgtx.o
                0x0000000008000000                g_pfnVectors
                0x0000000008000188                . = ALIGN (0x4)

.text           0x0000000008000188     0x4310
                0x0000000008000188                . = ALIGN (0x4)
 *(.text)
 .text          0x0000000008000188       0x40 c:/st/stm32cubeide_1.12.0/stm32cubeide/plugins/com.st.stm32cube.ide.mcu.externaltools.gnu-tools-for-stm32.10.3-2021.10.win32_1.0.200.202301161003/tools/bin/../lib/gcc/arm-none-eabi/10.3.1/thumb/v7e-m+fp/hard/crtbegin.o
 .text          0x00000000080001c8       0x30 c:/st/stm32cubeide_1.12.0/stm32cubeide/plugins/com.st.stm32cube.ide.mcu.externaltools.gnu-tools-for-stm32.10.3-2021.10.win32_1.0.200.202301161003/tools/bin/../lib/gcc/arm-none-eabi/10.3.1/thumb/v7e-m+fp/hard\libgcc.a(_aeabi_uldivmod.o)
                0x00000000080001c8                __aeabi_uldivmod
 .text          0x00000000080001f8      0x2d0 c:/st/stm32cubeide_1.12.0/stm32cubeide/plugins/com.st.stm32cube.ide.mcu.externaltools.gnu-tools-for-stm32.10.3-2021.10.win32_1.0.200.202301161003/tools/bin/../lib/gcc/arm-none-eabi/10.3.1/thumb/v7e-m+fp/hard\libgcc.a(_udivmoddi4.o)
                0x00000000080001f8                __udivmoddi4
 .text          0x00000000080004c8        0x4 c:/st/stm32cubeide_1.12.0/stm32cubeide/plugins/com.st.stm32cube.ide.mcu.externaltools.gnu-tools-for-stm32.10.3-2021.10.win32_1.0.200.202301161003/tools/bin/../lib/gcc/arm-none-eabi/10.3.1/thumb/v7e-m+fp/hard\libgcc.a(_dvmd_tls.o)
                0x00000000080004c8                __aeabi_idiv0
                0x00000000080004c8                __aeabi_ldiv0
 *(.text*)
 .text.EdgeLED_Color
                0x00000000080004cc       0x64 ./Core/Src/main.o
                0x00000000080004cc                EdgeLED_Color
 .text.HAL_GPIO_EXTI_Callback
                0x0000000008000530       0x5c ./Core/Src/main.o
                0x0000000008000530                HAL_GPIO_EXTI_Callback
 .text.main     0x000000000800058c      0x774 ./Core/Src/main.o
                0x000000000800058c                main
 .text.SystemClock_Config
                0x0000000008000d00       0xbc ./Core/Src/main.o
                0x0000000008000d00                SystemClock_Config
 .text.MX_SPI1_Init
                0x0000000008000dbc       0x6c ./Core/Src/main.o
 .text.MX_SPI2_Init
                0x0000000008000e28       0x6c ./Core/Src/main.o
 .text.MX_SPI3_Init
                0x0000000008000e94       0x6c ./Core/Src/main.o
 .text.MX_USART2_UART_Init
                0x0000000008000f00       0x54 ./Core/Src/main.o
 .text.MX_GPIO_Init
                0x0000000008000f54      0x244 ./Core/Src/main.o
 .text.Error_Handler
                0x0000000008001198        0xa ./Core/Src/main.o
                0x0000000008001198                Error_Handler
 *fill*         0x00000000080011a2        0x2 
 .text.HAL_MspInit
                0x00000000080011a4       0x50 ./Core/Src/stm32f4xx_hal_msp.o
                0x00000000080011a4                HAL_MspInit
 .text.HAL_SPI_MspInit
                0x00000000080011f4      0x1b8 ./Core/Src/stm32f4xx_hal_msp.o
                0x00000000080011f4                HAL_SPI_MspInit
 .text.HAL_UART_MspInit
                0x00000000080013ac       0x90 ./Core/Src/stm32f4xx_hal_msp.o
                0x00000000080013ac                HAL_UART_MspInit
 .text.NMI_Handler
                0x000000000800143c        0x6 ./Core/Src/stm32f4xx_it.o
                0x000000000800143c                NMI_Handler
 .text.HardFault_Handler
                0x0000000008001442        0x6 ./Core/Src/stm32f4xx_it.o
                0x0000000008001442                HardFault_Handler
 .text.MemManage_Handler
                0x0000000008001448        0x6 ./Core/Src/stm32f4xx_it.o
                0x0000000008001448                MemManage_Handler
 .text.BusFault_Handler
                0x000000000800144e        0x6 ./Core/Src/stm32f4xx_it.o
                0x000000000800144e                BusFault_Handler
 .text.UsageFault_Handler
                0x0000000008001454        0x6 ./Core/Src/stm32f4xx_it.o
                0x0000000008001454                UsageFault_Handler
 .text.SVC_Handler
                0x000000000800145a        0xe ./Core/Src/stm32f4xx_it.o
                0x000000000800145a                SVC_Handler
 .text.DebugMon_Handler
                0x0000000008001468        0xe ./Core/Src/stm32f4xx_it.o
                0x0000000008001468                DebugMon_Handler
 .text.PendSV_Handler
                0x0000000008001476        0xe ./Core/Src/stm32f4xx_it.o
                0x0000000008001476                PendSV_Handler
 .text.SysTick_Handler
                0x0000000008001484        0xc ./Core/Src/stm32f4xx_it.o
                0x0000000008001484                SysTick_Handler
 .text.EXTI1_IRQHandler
                0x0000000008001490        0xe ./Core/Src/stm32f4xx_it.o
                0x0000000008001490                EXTI1_IRQHandler
 .text.EXTI4_IRQHandler
                0x000000000800149e        0xe ./Core/Src/stm32f4xx_it.o
                0x000000000800149e                EXTI4_IRQHandler
 .text.EXTI9_5_IRQHandler
                0x00000000080014ac        0xe ./Core/Src/stm32f4xx_it.o
                0x00000000080014ac                EXTI9_5_IRQHandler
 .text.EXTI15_10_IRQHandler
                0x00000000080014ba       0x18 ./Core/Src/stm32f4xx_it.o
                0x00000000080014ba                EXTI15_10_IRQHandler
 *fill*         0x00000000080014d2        0x2 
 .text.SPI3_IRQHandler
                0x00000000080014d4       0x14 ./Core/Src/stm32f4xx_it.o
                0x00000000080014d4                SPI3_IRQHandler
 .text.SystemInit
                0x00000000080014e8       0x24 ./Core/Src/system_stm32f4xx.o
                0x00000000080014e8                SystemInit
 .text.Reset_Handler
                0x000000000800150c       0x50 ./Core/Startup/startup_stm32f405rgtx.o
                0x000000000800150c                Reset_Handler
 .text.Default_Handler
                0x000000000800155c        0x2 ./Core/Startup/startup_stm32f405rgtx.o
                0x000000000800155c                RTC_Alarm_IRQHandler
                0x000000000800155c                HASH_RNG_IRQHandler
                0x000000000800155c                EXTI2_IRQHandler
                0x000000000800155c                TIM8_CC_IRQHandler
                0x000000000800155c                TIM1_CC_IRQHandler
                0x000000000800155c                DMA2_Stream5_IRQHandler
                0x000000000800155c                DMA1_Stream5_IRQHandler
                0x000000000800155c                PVD_IRQHandler
                0x000000000800155c                SDIO_IRQHandler
                0x000000000800155c                TAMP_STAMP_IRQHandler
                0x000000000800155c                CAN2_RX1_IRQHandler
                0x000000000800155c                EXTI3_IRQHandler
                0x000000000800155c                TIM8_TRG_COM_TIM14_IRQHandler
                0x000000000800155c                TIM1_UP_TIM10_IRQHandler
                0x000000000800155c                TIM8_UP_TIM13_IRQHandler
                0x000000000800155c                I2C3_ER_IRQHandler
                0x000000000800155c                EXTI0_IRQHandler
                0x000000000800155c                I2C2_EV_IRQHandler
                0x000000000800155c                DMA1_Stream2_IRQHandler
                0x000000000800155c                CAN1_RX0_IRQHandler
                0x000000000800155c                FPU_IRQHandler
                0x000000000800155c                OTG_HS_WKUP_IRQHandler
                0x000000000800155c                CAN2_SCE_IRQHandler
                0x000000000800155c                DMA2_Stream2_IRQHandler
                0x000000000800155c                SPI1_IRQHandler
                0x000000000800155c                TIM6_DAC_IRQHandler
                0x000000000800155c                TIM1_BRK_TIM9_IRQHandler
                0x000000000800155c                CAN2_RX0_IRQHandler
                0x000000000800155c                DMA2_Stream3_IRQHandler
                0x000000000800155c                USART6_IRQHandler
                0x000000000800155c                USART3_IRQHandler
                0x000000000800155c                CAN1_RX1_IRQHandler
                0x000000000800155c                UART5_IRQHandler
                0x000000000800155c                DMA2_Stream0_IRQHandler
                0x000000000800155c                TIM4_IRQHandler
                0x000000000800155c                I2C1_EV_IRQHandler
                0x000000000800155c                DMA1_Stream6_IRQHandler
                0x000000000800155c                DMA1_Stream1_IRQHandler
                0x000000000800155c                UART4_IRQHandler
                0x000000000800155c                TIM3_IRQHandler
                0x000000000800155c                RCC_IRQHandler
                0x000000000800155c                TIM8_BRK_TIM12_IRQHandler
                0x000000000800155c                Default_Handler
                0x000000000800155c                ADC_IRQHandler
                0x000000000800155c                DMA1_Stream7_IRQHandler
                0x000000000800155c                TIM7_IRQHandler
                0x000000000800155c                CAN2_TX_IRQHandler
                0x000000000800155c                TIM5_IRQHandler
                0x000000000800155c                DMA2_Stream7_IRQHandler
                0x000000000800155c                I2C3_EV_IRQHandler
                0x000000000800155c                RTC_WKUP_IRQHandler
                0x000000000800155c                SPI2_IRQHandler
                0x000000000800155c                OTG_HS_EP1_IN_IRQHandler
                0x000000000800155c                DMA1_Stream0_IRQHandler
                0x000000000800155c                CAN1_TX_IRQHandler
                0x000000000800155c                FSMC_IRQHandler
                0x000000000800155c                OTG_HS_EP1_OUT_IRQHandler
                0x000000000800155c                WWDG_IRQHandler
                0x000000000800155c                TIM2_IRQHandler
                0x000000000800155c                OTG_FS_WKUP_IRQHandler
                0x000000000800155c                TIM1_TRG_COM_TIM11_IRQHandler
                0x000000000800155c                OTG_HS_IRQHandler
                0x000000000800155c                USART2_IRQHandler
                0x000000000800155c                I2C2_ER_IRQHandler
                0x000000000800155c                DMA2_Stream1_IRQHandler
                0x000000000800155c                CAN1_SCE_IRQHandler
                0x000000000800155c                FLASH_IRQHandler
                0x000000000800155c                DMA2_Stream4_IRQHandler
                0x000000000800155c                USART1_IRQHandler
                0x000000000800155c                OTG_FS_IRQHandler
                0x000000000800155c                DMA1_Stream4_IRQHandler
                0x000000000800155c                I2C1_ER_IRQHandler
                0x000000000800155c                DMA2_Stream6_IRQHandler
                0x000000000800155c                DMA1_Stream3_IRQHandler
 *fill*         0x000000000800155e        0x2 
 .text.HAL_Init
                0x0000000008001560       0x44 ./Drivers/STM32F4xx_HAL_Driver/Src/stm32f4xx_hal.o
                0x0000000008001560                HAL_Init
 .text.HAL_InitTick
                0x00000000080015a4       0x60 ./Drivers/STM32F4xx_HAL_Driver/Src/stm32f4xx_hal.o
                0x00000000080015a4                HAL_InitTick
 .text.HAL_IncTick
                0x0000000008001604       0x28 ./Drivers/STM32F4xx_HAL_Driver/Src/stm32f4xx_hal.o
                0x0000000008001604                HAL_IncTick
 .text.HAL_GetTick
                0x000000000800162c       0x18 ./Drivers/STM32F4xx_HAL_Driver/Src/stm32f4xx_hal.o
                0x000000000800162c                HAL_GetTick
 .text.HAL_Delay
                0x0000000008001644       0x48 ./Drivers/STM32F4xx_HAL_Driver/Src/stm32f4xx_hal.o
                0x0000000008001644                HAL_Delay
 .text.__NVIC_SetPriorityGrouping
                0x000000000800168c       0x48 ./Drivers/STM32F4xx_HAL_Driver/Src/stm32f4xx_hal_cortex.o
 .text.__NVIC_GetPriorityGrouping
                0x00000000080016d4       0x1c ./Drivers/STM32F4xx_HAL_Driver/Src/stm32f4xx_hal_cortex.o
 .text.__NVIC_EnableIRQ
                0x00000000080016f0       0x3c ./Drivers/STM32F4xx_HAL_Driver/Src/stm32f4xx_hal_cortex.o
 .text.__NVIC_SetPriority
                0x000000000800172c       0x54 ./Drivers/STM32F4xx_HAL_Driver/Src/stm32f4xx_hal_cortex.o
 .text.NVIC_EncodePriority
                0x0000000008001780       0x66 ./Drivers/STM32F4xx_HAL_Driver/Src/stm32f4xx_hal_cortex.o
 *fill*         0x00000000080017e6        0x2 
 .text.SysTick_Config
                0x00000000080017e8       0x44 ./Drivers/STM32F4xx_HAL_Driver/Src/stm32f4xx_hal_cortex.o
 .text.HAL_NVIC_SetPriorityGrouping
                0x000000000800182c       0x16 ./Drivers/STM32F4xx_HAL_Driver/Src/stm32f4xx_hal_cortex.o
                0x000000000800182c                HAL_NVIC_SetPriorityGrouping
 .text.HAL_NVIC_SetPriority
                0x0000000008001842       0x38 ./Drivers/STM32F4xx_HAL_Driver/Src/stm32f4xx_hal_cortex.o
                0x0000000008001842                HAL_NVIC_SetPriority
 .text.HAL_NVIC_EnableIRQ
                0x000000000800187a       0x1c ./Drivers/STM32F4xx_HAL_Driver/Src/stm32f4xx_hal_cortex.o
                0x000000000800187a                HAL_NVIC_EnableIRQ
 .text.HAL_SYSTICK_Config
                0x0000000008001896       0x18 ./Drivers/STM32F4xx_HAL_Driver/Src/stm32f4xx_hal_cortex.o
                0x0000000008001896                HAL_SYSTICK_Config
 .text.HAL_DMA_Abort_IT
                0x00000000080018ae       0x44 ./Drivers/STM32F4xx_HAL_Driver/Src/stm32f4xx_hal_dma.o
                0x00000000080018ae                HAL_DMA_Abort_IT
 *fill*         0x00000000080018f2        0x2 
 .text.HAL_GPIO_Init
                0x00000000080018f4      0x338 ./Drivers/STM32F4xx_HAL_Driver/Src/stm32f4xx_hal_gpio.o
                0x00000000080018f4                HAL_GPIO_Init
 .text.HAL_GPIO_WritePin
                0x0000000008001c2c       0x32 ./Drivers/STM32F4xx_HAL_Driver/Src/stm32f4xx_hal_gpio.o
                0x0000000008001c2c                HAL_GPIO_WritePin
 *fill*         0x0000000008001c5e        0x2 
 .text.HAL_GPIO_EXTI_IRQHandler
                0x0000000008001c60       0x30 ./Drivers/STM32F4xx_HAL_Driver/Src/stm32f4xx_hal_gpio.o
                0x0000000008001c60                HAL_GPIO_EXTI_IRQHandler
 .text.HAL_RCC_OscConfig
                0x0000000008001c90      0x4f0 ./Drivers/STM32F4xx_HAL_Driver/Src/stm32f4xx_hal_rcc.o
                0x0000000008001c90                HAL_RCC_OscConfig
 .text.HAL_RCC_ClockConfig
                0x0000000008002180      0x1cc ./Drivers/STM32F4xx_HAL_Driver/Src/stm32f4xx_hal_rcc.o
                0x0000000008002180                HAL_RCC_ClockConfig
 .text.HAL_RCC_GetSysClockFreq
                0x000000000800234c      0x18c ./Drivers/STM32F4xx_HAL_Driver/Src/stm32f4xx_hal_rcc.o
                0x000000000800234c                HAL_RCC_GetSysClockFreq
 .text.HAL_RCC_GetHCLKFreq
                0x00000000080024d8       0x18 ./Drivers/STM32F4xx_HAL_Driver/Src/stm32f4xx_hal_rcc.o
                0x00000000080024d8                HAL_RCC_GetHCLKFreq
 .text.HAL_RCC_GetPCLK1Freq
                0x00000000080024f0       0x28 ./Drivers/STM32F4xx_HAL_Driver/Src/stm32f4xx_hal_rcc.o
                0x00000000080024f0                HAL_RCC_GetPCLK1Freq
 .text.HAL_RCC_GetPCLK2Freq
                0x0000000008002518       0x28 ./Drivers/STM32F4xx_HAL_Driver/Src/stm32f4xx_hal_rcc.o
                0x0000000008002518                HAL_RCC_GetPCLK2Freq
 .text.HAL_SPI_Init
                0x0000000008002540      0x112 ./Drivers/STM32F4xx_HAL_Driver/Src/stm32f4xx_hal_spi.o
                0x0000000008002540                HAL_SPI_Init
 .text.HAL_SPI_Transmit
                0x0000000008002652      0x278 ./Drivers/STM32F4xx_HAL_Driver/Src/stm32f4xx_hal_spi.o
                0x0000000008002652                HAL_SPI_Transmit
 .text.HAL_SPI_Receive
                0x00000000080028ca      0x222 ./Drivers/STM32F4xx_HAL_Driver/Src/stm32f4xx_hal_spi.o
                0x00000000080028ca                HAL_SPI_Receive
 .text.HAL_SPI_TransmitReceive
                0x0000000008002aec      0x344 ./Drivers/STM32F4xx_HAL_Driver/Src/stm32f4xx_hal_spi.o
                0x0000000008002aec                HAL_SPI_TransmitReceive
 .text.HAL_SPI_IRQHandler
                0x0000000008002e30      0x200 ./Drivers/STM32F4xx_HAL_Driver/Src/stm32f4xx_hal_spi.o
                0x0000000008002e30                HAL_SPI_IRQHandler
 .text.HAL_SPI_ErrorCallback
                0x0000000008003030       0x14 ./Drivers/STM32F4xx_HAL_Driver/Src/stm32f4xx_hal_spi.o
                0x0000000008003030                HAL_SPI_ErrorCallback
 .text.SPI_DMAAbortOnError
                0x0000000008003044       0x28 ./Drivers/STM32F4xx_HAL_Driver/Src/stm32f4xx_hal_spi.o
 .text.SPI_WaitFlagStateUntilTimeout
                0x000000000800306c      0x110 ./Drivers/STM32F4xx_HAL_Driver/Src/stm32f4xx_hal_spi.o
 .text.SPI_EndRxTransaction
                0x000000000800317c       0xca ./Drivers/STM32F4xx_HAL_Driver/Src/stm32f4xx_hal_spi.o
 *fill*         0x0000000008003246        0x2 
 .text.SPI_EndRxTxTransaction
                0x0000000008003248       0x84 ./Drivers/STM32F4xx_HAL_Driver/Src/stm32f4xx_hal_spi.o
 .text.HAL_UART_Init
                0x00000000080032cc       0x9a ./Drivers/STM32F4xx_HAL_Driver/Src/stm32f4xx_hal_uart.o
                0x00000000080032cc                HAL_UART_Init
 .text.HAL_UART_Transmit
                0x0000000008003366      0x124 ./Drivers/STM32F4xx_HAL_Driver/Src/stm32f4xx_hal_uart.o
                0x0000000008003366                HAL_UART_Transmit
 .text.HAL_UART_Receive
                0x000000000800348a      0x144 ./Drivers/STM32F4xx_HAL_Driver/Src/stm32f4xx_hal_uart.o
                0x000000000800348a                HAL_UART_Receive
 .text.UART_WaitOnFlagUntilTimeout
                0x00000000080035ce       0xdc ./Drivers/STM32F4xx_HAL_Driver/Src/stm32f4xx_hal_uart.o
 *fill*         0x00000000080036aa        0x2 
 .text.UART_SetConfig
                0x00000000080036ac      0x4e8 ./Drivers/STM32F4xx_HAL_Driver/Src/stm32f4xx_hal_uart.o
 .text.nRF24_CSN_Select
                0x0000000008003b94       0x7c ./nrf24/src/nrf24_ELBC.o
                0x0000000008003b94                nRF24_CSN_Select
 .text.nRF24_CSN_UnSelect
                0x0000000008003c10       0x7c ./nrf24/src/nrf24_ELBC.o
                0x0000000008003c10                nRF24_CSN_UnSelect
 .text.nRF24_CE_Enable
                0x0000000008003c8c       0x80 ./nrf24/src/nrf24_ELBC.o
                0x0000000008003c8c                nRF24_CE_Enable
 .text.nRF24_CE_Disable
                0x0000000008003d0c       0x80 ./nrf24/src/nrf24_ELBC.o
                0x0000000008003d0c                nRF24_CE_Disable
 .text.nRF24_WriteReg
                0x0000000008003d8c       0x74 ./nrf24/src/nrf24_ELBC.o
                0x0000000008003d8c                nRF24_WriteReg
 .text.nRF24_WriteMBReg
                0x0000000008003e00       0x88 ./nrf24/src/nrf24_ELBC.o
                0x0000000008003e00                nRF24_WriteMBReg
 .text.nRF24_ReadReg
                0x0000000008003e88       0x7c ./nrf24/src/nrf24_ELBC.o
                0x0000000008003e88                nRF24_ReadReg
 .text.nRF24_Reset
                0x0000000008003f04       0x3e ./nrf24/src/nrf24_ELBC.o
                0x0000000008003f04                nRF24_Reset
 *fill*         0x0000000008003f42        0x2 
 .text.nRF24_Module_Setup
                0x0000000008003f44      0x29c ./nrf24/src/nrf24_ELBC.o
                0x0000000008003f44                nRF24_Module_Setup
 .text.nRF24_Transmit
                0x00000000080041e0       0xf0 ./nrf24/src/nrf24_ELBC.o
                0x00000000080041e0                nRF24_Transmit
 .text.nRF24_Receive
                0x00000000080042d0       0xfc ./nrf24/src/nrf24_ELBC.o
                0x00000000080042d0                nRF24_Receive
 .text.nRF24_Power
                0x00000000080043cc       0x5c ./nrf24/src/nrf24_ELBC.o
                0x00000000080043cc                nRF24_Power
 .text.__libc_init_array
                0x0000000008004428       0x48 c:/st/stm32cubeide_1.12.0/stm32cubeide/plugins/com.st.stm32cube.ide.mcu.externaltools.gnu-tools-for-stm32.10.3-2021.10.win32_1.0.200.202301161003/tools/bin/../lib/gcc/arm-none-eabi/10.3.1/../../../../arm-none-eabi/lib/thumb/v7e-m+fp/hard\libc_nano.a(lib_a-init.o)
                0x0000000008004428                __libc_init_array
 .text.memset   0x0000000008004470       0x10 c:/st/stm32cubeide_1.12.0/stm32cubeide/plugins/com.st.stm32cube.ide.mcu.externaltools.gnu-tools-for-stm32.10.3-2021.10.win32_1.0.200.202301161003/tools/bin/../lib/gcc/arm-none-eabi/10.3.1/../../../../arm-none-eabi/lib/thumb/v7e-m+fp/hard\libc_nano.a(lib_a-memset.o)
                0x0000000008004470                memset
 *(.glue_7)
 .glue_7        0x0000000008004480        0x0 linker stubs
 *(.glue_7t)
 .glue_7t       0x0000000008004480        0x0 linker stubs
 *(.eh_frame)
 .eh_frame      0x0000000008004480        0x0 c:/st/stm32cubeide_1.12.0/stm32cubeide/plugins/com.st.stm32cube.ide.mcu.externaltools.gnu-tools-for-stm32.10.3-2021.10.win32_1.0.200.202301161003/tools/bin/../lib/gcc/arm-none-eabi/10.3.1/thumb/v7e-m+fp/hard/crtbegin.o
 *(.init)
 .init          0x0000000008004480        0x4 c:/st/stm32cubeide_1.12.0/stm32cubeide/plugins/com.st.stm32cube.ide.mcu.externaltools.gnu-tools-for-stm32.10.3-2021.10.win32_1.0.200.202301161003/tools/bin/../lib/gcc/arm-none-eabi/10.3.1/thumb/v7e-m+fp/hard/crti.o
                0x0000000008004480                _init
 .init          0x0000000008004484        0x8 c:/st/stm32cubeide_1.12.0/stm32cubeide/plugins/com.st.stm32cube.ide.mcu.externaltools.gnu-tools-for-stm32.10.3-2021.10.win32_1.0.200.202301161003/tools/bin/../lib/gcc/arm-none-eabi/10.3.1/thumb/v7e-m+fp/hard/crtn.o
 *(.fini)
 .fini          0x000000000800448c        0x4 c:/st/stm32cubeide_1.12.0/stm32cubeide/plugins/com.st.stm32cube.ide.mcu.externaltools.gnu-tools-for-stm32.10.3-2021.10.win32_1.0.200.202301161003/tools/bin/../lib/gcc/arm-none-eabi/10.3.1/thumb/v7e-m+fp/hard/crti.o
                0x000000000800448c                _fini
 .fini          0x0000000008004490        0x8 c:/st/stm32cubeide_1.12.0/stm32cubeide/plugins/com.st.stm32cube.ide.mcu.externaltools.gnu-tools-for-stm32.10.3-2021.10.win32_1.0.200.202301161003/tools/bin/../lib/gcc/arm-none-eabi/10.3.1/thumb/v7e-m+fp/hard/crtn.o
                0x0000000008004498                . = ALIGN (0x4)
                0x0000000008004498                _etext = .

.vfp11_veneer   0x0000000008004498        0x0
 .vfp11_veneer  0x0000000008004498        0x0 linker stubs

.v4_bx          0x0000000008004498        0x0
 .v4_bx         0x0000000008004498        0x0 linker stubs

.iplt           0x0000000008004498        0x0
 .iplt          0x0000000008004498        0x0 c:/st/stm32cubeide_1.12.0/stm32cubeide/plugins/com.st.stm32cube.ide.mcu.externaltools.gnu-tools-for-stm32.10.3-2021.10.win32_1.0.200.202301161003/tools/bin/../lib/gcc/arm-none-eabi/10.3.1/thumb/v7e-m+fp/hard/crtbegin.o

.rodata         0x0000000008004498       0x38
                0x0000000008004498                . = ALIGN (0x4)
 *(.rodata)
 .rodata        0x0000000008004498       0x20 ./Core/Src/main.o
 *(.rodata*)
 .rodata.AHBPrescTable
                0x00000000080044b8       0x10 ./Core/Src/system_stm32f4xx.o
                0x00000000080044b8                AHBPrescTable
 .rodata.APBPrescTable
                0x00000000080044c8        0x8 ./Core/Src/system_stm32f4xx.o
                0x00000000080044c8                APBPrescTable
                0x00000000080044d0                . = ALIGN (0x4)

.ARM.extab      0x00000000080044d0        0x0
                0x00000000080044d0                . = ALIGN (0x4)
 *(.ARM.extab* .gnu.linkonce.armextab.*)
                0x00000000080044d0                . = ALIGN (0x4)

.ARM            0x00000000080044d0        0x8
                0x00000000080044d0                . = ALIGN (0x4)
                0x00000000080044d0                __exidx_start = .
 *(.ARM.exidx*)
 .ARM.exidx     0x00000000080044d0        0x8 c:/st/stm32cubeide_1.12.0/stm32cubeide/plugins/com.st.stm32cube.ide.mcu.externaltools.gnu-tools-for-stm32.10.3-2021.10.win32_1.0.200.202301161003/tools/bin/../lib/gcc/arm-none-eabi/10.3.1/thumb/v7e-m+fp/hard\libgcc.a(_udivmoddi4.o)
                0x00000000080044d8                __exidx_end = .
                0x00000000080044d8                . = ALIGN (0x4)

.rel.dyn        0x00000000080044d8        0x0
 .rel.iplt      0x00000000080044d8        0x0 c:/st/stm32cubeide_1.12.0/stm32cubeide/plugins/com.st.stm32cube.ide.mcu.externaltools.gnu-tools-for-stm32.10.3-2021.10.win32_1.0.200.202301161003/tools/bin/../lib/gcc/arm-none-eabi/10.3.1/thumb/v7e-m+fp/hard/crtbegin.o

.preinit_array  0x00000000080044d8        0x0
                0x00000000080044d8                . = ALIGN (0x4)
                0x00000000080044d8                PROVIDE (__preinit_array_start = .)
 *(.preinit_array*)
                0x00000000080044d8                PROVIDE (__preinit_array_end = .)
                0x00000000080044d8                . = ALIGN (0x4)

.init_array     0x00000000080044d8        0x4
                0x00000000080044d8                . = ALIGN (0x4)
                0x00000000080044d8                PROVIDE (__init_array_start = .)
 *(SORT_BY_NAME(.init_array.*))
 *(.init_array*)
 .init_array    0x00000000080044d8        0x4 c:/st/stm32cubeide_1.12.0/stm32cubeide/plugins/com.st.stm32cube.ide.mcu.externaltools.gnu-tools-for-stm32.10.3-2021.10.win32_1.0.200.202301161003/tools/bin/../lib/gcc/arm-none-eabi/10.3.1/thumb/v7e-m+fp/hard/crtbegin.o
                0x00000000080044dc                PROVIDE (__init_array_end = .)
                0x00000000080044dc                . = ALIGN (0x4)

.fini_array     0x00000000080044dc        0x4
                0x00000000080044dc                . = ALIGN (0x4)
                [!provide]                        PROVIDE (__fini_array_start = .)
 *(SORT_BY_NAME(.fini_array.*))
 *(.fini_array*)
 .fini_array    0x00000000080044dc        0x4 c:/st/stm32cubeide_1.12.0/stm32cubeide/plugins/com.st.stm32cube.ide.mcu.externaltools.gnu-tools-for-stm32.10.3-2021.10.win32_1.0.200.202301161003/tools/bin/../lib/gcc/arm-none-eabi/10.3.1/thumb/v7e-m+fp/hard/crtbegin.o
                [!provide]                        PROVIDE (__fini_array_end = .)
                0x00000000080044e0                . = ALIGN (0x4)
                0x00000000080044e0                _sidata = LOADADDR (.data)

.data           0x0000000020000000       0xf8 load address 0x00000000080044e0
                0x0000000020000000                . = ALIGN (0x4)
                0x0000000020000000                _sdata = .
 *(.data)
 *(.data*)
 .data.Config_table
                0x0000000020000000       0x98 ./Core/Src/main.o
                0x0000000020000000                Config_table
 .data.Button_Packet_Size
                0x0000000020000098        0x1 ./Core/Src/main.o
                0x0000000020000098                Button_Packet_Size
 .data.EdgeLED_Packet_Size
                0x0000000020000099        0x1 ./Core/Src/main.o
                0x0000000020000099                EdgeLED_Packet_Size
 .data.ESP32_Packet_Size
                0x000000002000009a        0x1 ./Core/Src/main.o
                0x000000002000009a                ESP32_Packet_Size
 *fill*         0x000000002000009b        0x1 
 .data.TxAddr_B_Module1
                0x000000002000009c        0x5 ./Core/Src/main.o
                0x000000002000009c                TxAddr_B_Module1
 *fill*         0x00000000200000a1        0x3 
 .data.RxAddr_B_Module1
                0x00000000200000a4        0x5 ./Core/Src/main.o
                0x00000000200000a4                RxAddr_B_Module1
 *fill*         0x00000000200000a9        0x3 
 .data.TxAddr_B_Module2
                0x00000000200000ac        0x5 ./Core/Src/main.o
                0x00000000200000ac                TxAddr_B_Module2
 *fill*         0x00000000200000b1        0x3 
 .data.RxAddr_B_Module2
                0x00000000200000b4        0x5 ./Core/Src/main.o
                0x00000000200000b4                RxAddr_B_Module2
 *fill*         0x00000000200000b9        0x3 
 .data.TxAddr_B_Module3
                0x00000000200000bc        0x5 ./Core/Src/main.o
                0x00000000200000bc                TxAddr_B_Module3
 *fill*         0x00000000200000c1        0x3 
 .data.RxAddr_B_Module3
                0x00000000200000c4        0x5 ./Core/Src/main.o
                0x00000000200000c4                RxAddr_B_Module3
 *fill*         0x00000000200000c9        0x3 
 .data.TxAddr_B_Module4
                0x00000000200000cc        0x5 ./Core/Src/main.o
                0x00000000200000cc                TxAddr_B_Module4
 *fill*         0x00000000200000d1        0x3 
 .data.RxAddr_B_Module4
                0x00000000200000d4        0x5 ./Core/Src/main.o
                0x00000000200000d4                RxAddr_B_Module4
 *fill*         0x00000000200000d9        0x3 
 .data.TxAddr_EL_Module
                0x00000000200000dc        0x5 ./Core/Src/main.o
                0x00000000200000dc                TxAddr_EL_Module
 *fill*         0x00000000200000e1        0x3 
 .data.RxAddr_EL_Module
                0x00000000200000e4        0x5 ./Core/Src/main.o
                0x00000000200000e4                RxAddr_EL_Module
 .data.RF_Channel_EL_Module
                0x00000000200000e9        0x1 ./Core/Src/main.o
                0x00000000200000e9                RF_Channel_EL_Module
 .data.Rec_Button_Number
                0x00000000200000ea        0x1 ./Core/Src/main.o
                0x00000000200000ea                Rec_Button_Number
 *fill*         0x00000000200000eb        0x1 
 .data.SystemCoreClock
                0x00000000200000ec        0x4 ./Core/Src/system_stm32f4xx.o
                0x00000000200000ec                SystemCoreClock
 .data.uwTickPrio
                0x00000000200000f0        0x4 ./Drivers/STM32F4xx_HAL_Driver/Src/stm32f4xx_hal.o
                0x00000000200000f0                uwTickPrio
 .data.uwTickFreq
                0x00000000200000f4        0x1 ./Drivers/STM32F4xx_HAL_Driver/Src/stm32f4xx_hal.o
                0x00000000200000f4                uwTickFreq
 *(.RamFunc)
 *(.RamFunc*)
                0x00000000200000f8                . = ALIGN (0x4)
 *fill*         0x00000000200000f5        0x3 
                0x00000000200000f8                _edata = .
                0x00000000080045d8                _siccmram = LOADADDR (.ccmram)

.igot.plt       0x00000000200000f8        0x0 load address 0x00000000080045d8
 .igot.plt      0x00000000200000f8        0x0 c:/st/stm32cubeide_1.12.0/stm32cubeide/plugins/com.st.stm32cube.ide.mcu.externaltools.gnu-tools-for-stm32.10.3-2021.10.win32_1.0.200.202301161003/tools/bin/../lib/gcc/arm-none-eabi/10.3.1/thumb/v7e-m+fp/hard/crtbegin.o

.ccmram         0x0000000010000000        0x0 load address 0x00000000080045d8
                0x0000000010000000                . = ALIGN (0x4)
                0x0000000010000000                _sccmram = .
 *(.ccmram)
 *(.ccmram*)
                0x0000000010000000                . = ALIGN (0x4)
                0x0000000010000000                _eccmram = .
                0x0000000010000000                . = ALIGN (0x4)

.bss            0x00000000200000f8      0x318
                0x00000000200000f8                _sbss = .
                0x00000000200000f8                __bss_start__ = _sbss
 *(.bss)
 .bss           0x00000000200000f8       0x1c c:/st/stm32cubeide_1.12.0/stm32cubeide/plugins/com.st.stm32cube.ide.mcu.externaltools.gnu-tools-for-stm32.10.3-2021.10.win32_1.0.200.202301161003/tools/bin/../lib/gcc/arm-none-eabi/10.3.1/thumb/v7e-m+fp/hard/crtbegin.o
 *(.bss*)
 .bss.Button_hspi1
                0x0000000020000114       0x58 ./Core/Src/main.o
                0x0000000020000114                Button_hspi1
 .bss.EL_hspi2  0x000000002000016c       0x58 ./Core/Src/main.o
                0x000000002000016c                EL_hspi2
 .bss.ESP32_hspi3
                0x00000000200001c4       0x58 ./Core/Src/main.o
                0x00000000200001c4                ESP32_hspi3
 .bss.huart2    0x000000002000021c       0x44 ./Core/Src/main.o
                0x000000002000021c                huart2
 .bss.Module1_Packet
                0x0000000020000260       0x60 ./Core/Src/main.o
                0x0000000020000260                Module1_Packet
 .bss.Module2_Packet
                0x00000000200002c0       0x60 ./Core/Src/main.o
                0x00000000200002c0                Module2_Packet
 .bss.Module3_Packet
                0x0000000020000320       0x60 ./Core/Src/main.o
                0x0000000020000320                Module3_Packet
 .bss.Module4_Packet
                0x0000000020000380       0x60 ./Core/Src/main.o
                0x0000000020000380                Module4_Packet
 .bss.EdgeLED_Packet
                0x00000000200003e0       0x14 ./Core/Src/main.o
                0x00000000200003e0                EdgeLED_Packet
 .bss.ESP32_Packet
                0x00000000200003f4        0x8 ./Core/Src/main.o
                0x00000000200003f4                ESP32_Packet
 .bss.RF_Channel_Module1
                0x00000000200003fc        0x1 ./Core/Src/main.o
                0x00000000200003fc                RF_Channel_Module1
 .bss.RF_Channel_Module2
                0x00000000200003fd        0x1 ./Core/Src/main.o
                0x00000000200003fd                RF_Channel_Module2
 .bss.RF_Channel_Module3
                0x00000000200003fe        0x1 ./Core/Src/main.o
                0x00000000200003fe                RF_Channel_Module3
 .bss.RF_Channel_Module4
                0x00000000200003ff        0x1 ./Core/Src/main.o
                0x00000000200003ff                RF_Channel_Module4
 .bss.Uart_Cmd  0x0000000020000400        0x1 ./Core/Src/main.o
                0x0000000020000400                Uart_Cmd
 .bss.Key_Pressed
                0x0000000020000401        0x1 ./Core/Src/main.o
                0x0000000020000401                Key_Pressed
 .bss.Data_In_Module1
                0x0000000020000402        0x1 ./Core/Src/main.o
                0x0000000020000402                Data_In_Module1
 .bss.Data_In_Module2
                0x0000000020000403        0x1 ./Core/Src/main.o
                0x0000000020000403                Data_In_Module2
 .bss.Data_In_Module3
                0x0000000020000404        0x1 ./Core/Src/main.o
                0x0000000020000404                Data_In_Module3
 .bss.Data_In_Module4
                0x0000000020000405        0x1 ./Core/Src/main.o
                0x0000000020000405                Data_In_Module4
 .bss.Module1_Packet_Count
                0x0000000020000406        0x1 ./Core/Src/main.o
                0x0000000020000406                Module1_Packet_Count
 .bss.Module2_Packet_Count
                0x0000000020000407        0x1 ./Core/Src/main.o
                0x0000000020000407                Module2_Packet_Count
 .bss.Module3_Packet_Count
                0x0000000020000408        0x1 ./Core/Src/main.o
                0x0000000020000408                Module3_Packet_Count
 .bss.Module4_Packet_Count
                0x0000000020000409        0x1 ./Core/Src/main.o
                0x0000000020000409                Module4_Packet_Count
 *fill*         0x000000002000040a        0x2 
 .bss.uwTick    0x000000002000040c        0x4 ./Drivers/STM32F4xx_HAL_Driver/Src/stm32f4xx_hal.o
                0x000000002000040c                uwTick
 *(COMMON)
                0x0000000020000410                . = ALIGN (0x4)
                0x0000000020000410                _ebss = .
                0x0000000020000410                __bss_end__ = _ebss

._user_heap_stack
                0x0000000020000410      0x600
                0x0000000020000410                . = ALIGN (0x8)
                [!provide]                        PROVIDE (end = .)
                0x0000000020000410                PROVIDE (_end = .)
                0x0000000020000610                . = (. + _Min_Heap_Size)
 *fill*         0x0000000020000410      0x200 
                0x0000000020000a10                . = (. + _Min_Stack_Size)
 *fill*         0x0000000020000610      0x400 
                0x0000000020000a10                . = ALIGN (0x8)

/DISCARD/
 libc.a(*)
 libm.a(*)
 libgcc.a(*)

.ARM.attributes
                0x0000000000000000       0x30
 *(.ARM.attributes)
 .ARM.attributes
                0x0000000000000000       0x1e c:/st/stm32cubeide_1.12.0/stm32cubeide/plugins/com.st.stm32cube.ide.mcu.externaltools.gnu-tools-for-stm32.10.3-2021.10.win32_1.0.200.202301161003/tools/bin/../lib/gcc/arm-none-eabi/10.3.1/thumb/v7e-m+fp/hard/crti.o
 .ARM.attributes
                0x000000000000001e       0x34 c:/st/stm32cubeide_1.12.0/stm32cubeide/plugins/com.st.stm32cube.ide.mcu.externaltools.gnu-tools-for-stm32.10.3-2021.10.win32_1.0.200.202301161003/tools/bin/../lib/gcc/arm-none-eabi/10.3.1/thumb/v7e-m+fp/hard/crtbegin.o
 .ARM.attributes
                0x0000000000000052       0x34 ./Core/Src/main.o
 .ARM.attributes
                0x0000000000000086       0x34 ./Core/Src/stm32f4xx_hal_msp.o
 .ARM.attributes
                0x00000000000000ba       0x34 ./Core/Src/stm32f4xx_it.o
 .ARM.attributes
                0x00000000000000ee       0x34 ./Core/Src/system_stm32f4xx.o
 .ARM.attributes
                0x0000000000000122       0x21 ./Core/Startup/startup_stm32f405rgtx.o
 .ARM.attributes
                0x0000000000000143       0x34 ./Drivers/STM32F4xx_HAL_Driver/Src/stm32f4xx_hal.o
 .ARM.attributes
                0x0000000000000177       0x34 ./Drivers/STM32F4xx_HAL_Driver/Src/stm32f4xx_hal_cortex.o
 .ARM.attributes
                0x00000000000001ab       0x34 ./Drivers/STM32F4xx_HAL_Driver/Src/stm32f4xx_hal_dma.o
 .ARM.attributes
                0x00000000000001df       0x34 ./Drivers/STM32F4xx_HAL_Driver/Src/stm32f4xx_hal_gpio.o
 .ARM.attributes
                0x0000000000000213       0x34 ./Drivers/STM32F4xx_HAL_Driver/Src/stm32f4xx_hal_rcc.o
 .ARM.attributes
                0x0000000000000247       0x34 ./Drivers/STM32F4xx_HAL_Driver/Src/stm32f4xx_hal_spi.o
 .ARM.attributes
                0x000000000000027b       0x34 ./Drivers/STM32F4xx_HAL_Driver/Src/stm32f4xx_hal_uart.o
 .ARM.attributes
                0x00000000000002af       0x34 ./nrf24/src/nrf24_ELBC.o
 .ARM.attributes
                0x00000000000002e3       0x34 c:/st/stm32cubeide_1.12.0/stm32cubeide/plugins/com.st.stm32cube.ide.mcu.externaltools.gnu-tools-for-stm32.10.3-2021.10.win32_1.0.200.202301161003/tools/bin/../lib/gcc/arm-none-eabi/10.3.1/../../../../arm-none-eabi/lib/thumb/v7e-m+fp/hard\libc_nano.a(lib_a-init.o)
 .ARM.attributes
                0x0000000000000317       0x34 c:/st/stm32cubeide_1.12.0/stm32cubeide/plugins/com.st.stm32cube.ide.mcu.externaltools.gnu-tools-for-stm32.10.3-2021.10.win32_1.0.200.202301161003/tools/bin/../lib/gcc/arm-none-eabi/10.3.1/../../../../arm-none-eabi/lib/thumb/v7e-m+fp/hard\libc_nano.a(lib_a-memset.o)
 .ARM.attributes
                0x000000000000034b       0x1e c:/st/stm32cubeide_1.12.0/stm32cubeide/plugins/com.st.stm32cube.ide.mcu.externaltools.gnu-tools-for-stm32.10.3-2021.10.win32_1.0.200.202301161003/tools/bin/../lib/gcc/arm-none-eabi/10.3.1/thumb/v7e-m+fp/hard\libgcc.a(_aeabi_uldivmod.o)
 .ARM.attributes
                0x0000000000000369       0x34 c:/st/stm32cubeide_1.12.0/stm32cubeide/plugins/com.st.stm32cube.ide.mcu.externaltools.gnu-tools-for-stm32.10.3-2021.10.win32_1.0.200.202301161003/tools/bin/../lib/gcc/arm-none-eabi/10.3.1/thumb/v7e-m+fp/hard\libgcc.a(_udivmoddi4.o)
 .ARM.attributes
                0x000000000000039d       0x1e c:/st/stm32cubeide_1.12.0/stm32cubeide/plugins/com.st.stm32cube.ide.mcu.externaltools.gnu-tools-for-stm32.10.3-2021.10.win32_1.0.200.202301161003/tools/bin/../lib/gcc/arm-none-eabi/10.3.1/thumb/v7e-m+fp/hard\libgcc.a(_dvmd_tls.o)
 .ARM.attributes
                0x00000000000003bb       0x1e c:/st/stm32cubeide_1.12.0/stm32cubeide/plugins/com.st.stm32cube.ide.mcu.externaltools.gnu-tools-for-stm32.10.3-2021.10.win32_1.0.200.202301161003/tools/bin/../lib/gcc/arm-none-eabi/10.3.1/thumb/v7e-m+fp/hard/crtn.o
OUTPUT(ELB_Controller_V1-1.elf elf32-littlearm)
LOAD linker stubs
LOAD c:/st/stm32cubeide_1.12.0/stm32cubeide/plugins/com.st.stm32cube.ide.mcu.externaltools.gnu-tools-for-stm32.10.3-2021.10.win32_1.0.200.202301161003/tools/bin/../lib/gcc/arm-none-eabi/10.3.1/../../../../arm-none-eabi/lib/thumb/v7e-m+fp/hard\libc.a
LOAD c:/st/stm32cubeide_1.12.0/stm32cubeide/plugins/com.st.stm32cube.ide.mcu.externaltools.gnu-tools-for-stm32.10.3-2021.10.win32_1.0.200.202301161003/tools/bin/../lib/gcc/arm-none-eabi/10.3.1/../../../../arm-none-eabi/lib/thumb/v7e-m+fp/hard\libm.a
LOAD c:/st/stm32cubeide_1.12.0/stm32cubeide/plugins/com.st.stm32cube.ide.mcu.externaltools.gnu-tools-for-stm32.10.3-2021.10.win32_1.0.200.202301161003/tools/bin/../lib/gcc/arm-none-eabi/10.3.1/thumb/v7e-m+fp/hard\libgcc.a

.debug_info     0x0000000000000000     0xc086
 .debug_info    0x0000000000000000     0x18f5 ./Core/Src/main.o
 .debug_info    0x00000000000018f5      0xf7d ./Core/Src/stm32f4xx_hal_msp.o
 .debug_info    0x0000000000002872      0x70b ./Core/Src/stm32f4xx_it.o
 .debug_info    0x0000000000002f7d      0x523 ./Core/Src/system_stm32f4xx.o
 .debug_info    0x00000000000034a0       0x22 ./Core/Startup/startup_stm32f405rgtx.o
 .debug_info    0x00000000000034c2      0x96a ./Drivers/STM32F4xx_HAL_Driver/Src/stm32f4xx_hal.o
 .debug_info    0x0000000000003e2c      0xe09 ./Drivers/STM32F4xx_HAL_Driver/Src/stm32f4xx_hal_cortex.o
 .debug_info    0x0000000000004c35      0x94f ./Drivers/STM32F4xx_HAL_Driver/Src/stm32f4xx_hal_dma.o
 .debug_info    0x0000000000005584      0x76a ./Drivers/STM32F4xx_HAL_Driver/Src/stm32f4xx_hal_gpio.o
 .debug_info    0x0000000000005cee      0x966 ./Drivers/STM32F4xx_HAL_Driver/Src/stm32f4xx_hal_rcc.o
 .debug_info    0x0000000000006654     0x1758 ./Drivers/STM32F4xx_HAL_Driver/Src/stm32f4xx_hal_spi.o
 .debug_info    0x0000000000007dac     0x31bc ./Drivers/STM32F4xx_HAL_Driver/Src/stm32f4xx_hal_uart.o
 .debug_info    0x000000000000af68     0x111e ./nrf24/src/nrf24_ELBC.o

.debug_abbrev   0x0000000000000000     0x1b99
 .debug_abbrev  0x0000000000000000      0x2ff ./Core/Src/main.o
 .debug_abbrev  0x00000000000002ff      0x1f7 ./Core/Src/stm32f4xx_hal_msp.o
 .debug_abbrev  0x00000000000004f6      0x19f ./Core/Src/stm32f4xx_it.o
 .debug_abbrev  0x0000000000000695      0x116 ./Core/Src/system_stm32f4xx.o
 .debug_abbrev  0x00000000000007ab       0x12 ./Core/Startup/startup_stm32f405rgtx.o
 .debug_abbrev  0x00000000000007bd      0x20d ./Drivers/STM32F4xx_HAL_Driver/Src/stm32f4xx_hal.o
 .debug_abbrev  0x00000000000009ca      0x316 ./Drivers/STM32F4xx_HAL_Driver/Src/stm32f4xx_hal_cortex.o
 .debug_abbrev  0x0000000000000ce0      0x25b ./Drivers/STM32F4xx_HAL_Driver/Src/stm32f4xx_hal_dma.o
 .debug_abbrev  0x0000000000000f3b      0x1c4 ./Drivers/STM32F4xx_HAL_Driver/Src/stm32f4xx_hal_gpio.o
 .debug_abbrev  0x00000000000010ff      0x2aa ./Drivers/STM32F4xx_HAL_Driver/Src/stm32f4xx_hal_rcc.o
 .debug_abbrev  0x00000000000013a9      0x26e ./Drivers/STM32F4xx_HAL_Driver/Src/stm32f4xx_hal_spi.o
 .debug_abbrev  0x0000000000001617      0x2f4 ./Drivers/STM32F4xx_HAL_Driver/Src/stm32f4xx_hal_uart.o
 .debug_abbrev  0x000000000000190b      0x28e ./nrf24/src/nrf24_ELBC.o

.debug_aranges  0x0000000000000000      0x988
 .debug_aranges
                0x0000000000000000       0x68 ./Core/Src/main.o
 .debug_aranges
                0x0000000000000068       0x40 ./Core/Src/stm32f4xx_hal_msp.o
 .debug_aranges
                0x00000000000000a8       0x88 ./Core/Src/stm32f4xx_it.o
 .debug_aranges
                0x0000000000000130       0x28 ./Core/Src/system_stm32f4xx.o
 .debug_aranges
                0x0000000000000158       0x28 ./Core/Startup/startup_stm32f405rgtx.o
 .debug_aranges
                0x0000000000000180       0xf0 ./Drivers/STM32F4xx_HAL_Driver/Src/stm32f4xx_hal.o
 .debug_aranges
                0x0000000000000270      0x118 ./Drivers/STM32F4xx_HAL_Driver/Src/stm32f4xx_hal_cortex.o
 .debug_aranges
                0x0000000000000388       0x90 ./Drivers/STM32F4xx_HAL_Driver/Src/stm32f4xx_hal_dma.o
 .debug_aranges
                0x0000000000000418       0x58 ./Drivers/STM32F4xx_HAL_Driver/Src/stm32f4xx_hal_gpio.o
 .debug_aranges
                0x0000000000000470       0x88 ./Drivers/STM32F4xx_HAL_Driver/Src/stm32f4xx_hal_rcc.o
 .debug_aranges
                0x00000000000004f8      0x1d0 ./Drivers/STM32F4xx_HAL_Driver/Src/stm32f4xx_hal_spi.o
 .debug_aranges
                0x00000000000006c8      0x200 ./Drivers/STM32F4xx_HAL_Driver/Src/stm32f4xx_hal_uart.o
 .debug_aranges
                0x00000000000008c8       0xc0 ./nrf24/src/nrf24_ELBC.o

.debug_ranges   0x0000000000000000      0x8f0
 .debug_ranges  0x0000000000000000       0x58 ./Core/Src/main.o
 .debug_ranges  0x0000000000000058       0x30 ./Core/Src/stm32f4xx_hal_msp.o
 .debug_ranges  0x0000000000000088       0x78 ./Core/Src/stm32f4xx_it.o
 .debug_ranges  0x0000000000000100       0x18 ./Core/Src/system_stm32f4xx.o
 .debug_ranges  0x0000000000000118       0x20 ./Core/Startup/startup_stm32f405rgtx.o
 .debug_ranges  0x0000000000000138       0xe0 ./Drivers/STM32F4xx_HAL_Driver/Src/stm32f4xx_hal.o
 .debug_ranges  0x0000000000000218      0x108 ./Drivers/STM32F4xx_HAL_Driver/Src/stm32f4xx_hal_cortex.o
 .debug_ranges  0x0000000000000320       0x80 ./Drivers/STM32F4xx_HAL_Driver/Src/stm32f4xx_hal_dma.o
 .debug_ranges  0x00000000000003a0       0x48 ./Drivers/STM32F4xx_HAL_Driver/Src/stm32f4xx_hal_gpio.o
 .debug_ranges  0x00000000000003e8       0x78 ./Drivers/STM32F4xx_HAL_Driver/Src/stm32f4xx_hal_rcc.o
 .debug_ranges  0x0000000000000460      0x1c0 ./Drivers/STM32F4xx_HAL_Driver/Src/stm32f4xx_hal_spi.o
 .debug_ranges  0x0000000000000620      0x220 ./Drivers/STM32F4xx_HAL_Driver/Src/stm32f4xx_hal_uart.o
 .debug_ranges  0x0000000000000840       0xb0 ./nrf24/src/nrf24_ELBC.o

.debug_macro    0x0000000000000000    0x1ee3a
 .debug_macro   0x0000000000000000      0x371 ./Core/Src/main.o
 .debug_macro   0x0000000000000371      0xa78 ./Core/Src/main.o
 .debug_macro   0x0000000000000de9      0x29b ./Core/Src/main.o
 .debug_macro   0x0000000000001084       0x2e ./Core/Src/main.o
 .debug_macro   0x00000000000010b2       0x2f ./Core/Src/main.o
 .debug_macro   0x00000000000010e1       0x22 ./Core/Src/main.o
 .debug_macro   0x0000000000001103       0x8e ./Core/Src/main.o
 .debug_macro   0x0000000000001191       0x51 ./Core/Src/main.o
 .debug_macro   0x00000000000011e2      0x103 ./Core/Src/main.o
 .debug_macro   0x00000000000012e5       0x6a ./Core/Src/main.o
 .debug_macro   0x000000000000134f      0x1df ./Core/Src/main.o
 .debug_macro   0x000000000000152e       0x1c ./Core/Src/main.o
 .debug_macro   0x000000000000154a       0x22 ./Core/Src/main.o
 .debug_macro   0x000000000000156c       0xd9 ./Core/Src/main.o
 .debug_macro   0x0000000000001645     0x102d ./Core/Src/main.o
 .debug_macro   0x0000000000002672      0x11f ./Core/Src/main.o
 .debug_macro   0x0000000000002791    0x1426d ./Core/Src/main.o
 .debug_macro   0x00000000000169fe       0x6d ./Core/Src/main.o
 .debug_macro   0x0000000000016a6b     0x367e ./Core/Src/main.o
 .debug_macro   0x000000000001a0e9      0x174 ./Core/Src/main.o
 .debug_macro   0x000000000001a25d       0x5c ./Core/Src/main.o
 .debug_macro   0x000000000001a2b9      0x8a7 ./Core/Src/main.o
 .debug_macro   0x000000000001ab60      0x9fe ./Core/Src/main.o
 .debug_macro   0x000000000001b55e      0x115 ./Core/Src/main.o
 .debug_macro   0x000000000001b673      0x130 ./Core/Src/main.o
 .debug_macro   0x000000000001b7a3       0xa5 ./Core/Src/main.o
 .debug_macro   0x000000000001b848      0x174 ./Core/Src/main.o
 .debug_macro   0x000000000001b9bc      0x287 ./Core/Src/main.o
 .debug_macro   0x000000000001bc43       0x5f ./Core/Src/main.o
 .debug_macro   0x000000000001bca2      0x236 ./Core/Src/main.o
 .debug_macro   0x000000000001bed8      0x12c ./Core/Src/main.o
 .debug_macro   0x000000000001c004      0x21e ./Core/Src/main.o
 .debug_macro   0x000000000001c222       0x2e ./Core/Src/main.o
 .debug_macro   0x000000000001c250      0x11a ./Core/Src/main.o
 .debug_macro   0x000000000001c36a       0x7e ./Core/Src/main.o
 .debug_macro   0x000000000001c3e8       0x89 ./Core/Src/main.o
 .debug_macro   0x000000000001c471      0x225 ./Core/Src/main.o
 .debug_macro   0x000000000001c696      0x295 ./Core/Src/main.o
 .debug_macro   0x000000000001c92b      0x12d ./Core/Src/main.o
 .debug_macro   0x000000000001ca58      0x1e6 ./Core/Src/main.o
 .debug_macro   0x000000000001cc3e       0x52 ./Core/Src/main.o
 .debug_macro   0x000000000001cc90       0x1e ./Core/Src/main.o
 .debug_macro   0x000000000001ccae       0x3c ./Core/Src/main.o
 .debug_macro   0x000000000001ccea       0x34 ./Core/Src/main.o
 .debug_macro   0x000000000001cd1e       0x16 ./Core/Src/main.o
 .debug_macro   0x000000000001cd34       0x43 ./Core/Src/main.o
 .debug_macro   0x000000000001cd77       0x34 ./Core/Src/main.o
 .debug_macro   0x000000000001cdab       0x10 ./Core/Src/main.o
 .debug_macro   0x000000000001cdbb       0x58 ./Core/Src/main.o
 .debug_macro   0x000000000001ce13       0x71 ./Core/Src/main.o
 .debug_macro   0x000000000001ce84       0x1c ./Core/Src/main.o
 .debug_macro   0x000000000001cea0      0x12a ./Core/Src/main.o
 .debug_macro   0x000000000001cfca      0x341 ./Core/Src/main.o
 .debug_macro   0x000000000001d30b       0x10 ./Core/Src/main.o
 .debug_macro   0x000000000001d31b       0x35 ./Core/Src/main.o
 .debug_macro   0x000000000001d350       0x20 ./Core/Src/main.o
 .debug_macro   0x000000000001d370       0x1c ./Core/Src/main.o
 .debug_macro   0x000000000001d38c       0x10 ./Core/Src/main.o
 .debug_macro   0x000000000001d39c       0x10 ./Core/Src/main.o
 .debug_macro   0x000000000001d3ac       0x1c ./Core/Src/main.o
 .debug_macro   0x000000000001d3c8       0x52 ./Core/Src/main.o
 .debug_macro   0x000000000001d41a       0x22 ./Core/Src/main.o
 .debug_macro   0x000000000001d43c       0x10 ./Core/Src/main.o
 .debug_macro   0x000000000001d44c       0x52 ./Core/Src/main.o
 .debug_macro   0x000000000001d49e       0xd5 ./Core/Src/main.o
 .debug_macro   0x000000000001d573       0x1c ./Core/Src/main.o
 .debug_macro   0x000000000001d58f       0x3d ./Core/Src/main.o
 .debug_macro   0x000000000001d5cc       0x16 ./Core/Src/main.o
 .debug_macro   0x000000000001d5e2      0x145 ./Core/Src/main.o
 .debug_macro   0x000000000001d727       0xdc ./Core/Src/main.o
 .debug_macro   0x000000000001d803      0x1d3 ./Core/Src/stm32f4xx_hal_msp.o
 .debug_macro   0x000000000001d9d6      0x1dd ./Core/Src/stm32f4xx_it.o
 .debug_macro   0x000000000001dbb3      0x1c4 ./Core/Src/system_stm32f4xx.o
 .debug_macro   0x000000000001dd77      0x224 ./Drivers/STM32F4xx_HAL_Driver/Src/stm32f4xx_hal.o
 .debug_macro   0x000000000001df9b      0x1c4 ./Drivers/STM32F4xx_HAL_Driver/Src/stm32f4xx_hal_cortex.o
 .debug_macro   0x000000000001e15f      0x1ca ./Drivers/STM32F4xx_HAL_Driver/Src/stm32f4xx_hal_dma.o
 .debug_macro   0x000000000001e329      0x1ca ./Drivers/STM32F4xx_HAL_Driver/Src/stm32f4xx_hal_gpio.o
 .debug_macro   0x000000000001e4f3      0x1e8 ./Drivers/STM32F4xx_HAL_Driver/Src/stm32f4xx_hal_rcc.o
 .debug_macro   0x000000000001e6db      0x1d3 ./Drivers/STM32F4xx_HAL_Driver/Src/stm32f4xx_hal_spi.o
 .debug_macro   0x000000000001e8ae      0x1c5 ./Drivers/STM32F4xx_HAL_Driver/Src/stm32f4xx_hal_uart.o
 .debug_macro   0x000000000001ea73      0x371 ./nrf24/src/nrf24_ELBC.o
 .debug_macro   0x000000000001ede4       0x56 ./nrf24/src/nrf24_ELBC.o

.debug_line     0x0000000000000000     0xb6b9
 .debug_line    0x0000000000000000      0xe1a ./Core/Src/main.o
 .debug_line    0x0000000000000e1a      0x7bd ./Core/Src/stm32f4xx_hal_msp.o
 .debug_line    0x00000000000015d7      0x7e5 ./Core/Src/stm32f4xx_it.o
 .debug_line    0x0000000000001dbc      0x72b ./Core/Src/system_stm32f4xx.o
 .debug_line    0x00000000000024e7       0x88 ./Core/Startup/startup_stm32f405rgtx.o
 .debug_line    0x000000000000256f      0x991 ./Drivers/STM32F4xx_HAL_Driver/Src/stm32f4xx_hal.o
 .debug_line    0x0000000000002f00      0xc40 ./Drivers/STM32F4xx_HAL_Driver/Src/stm32f4xx_hal_cortex.o
 .debug_line    0x0000000000003b40      0xef5 ./Drivers/STM32F4xx_HAL_Driver/Src/stm32f4xx_hal_dma.o
 .debug_line    0x0000000000004a35      0xb05 ./Drivers/STM32F4xx_HAL_Driver/Src/stm32f4xx_hal_gpio.o
 .debug_line    0x000000000000553a      0xd0b ./Drivers/STM32F4xx_HAL_Driver/Src/stm32f4xx_hal_rcc.o
 .debug_line    0x0000000000006245     0x1c1b ./Drivers/STM32F4xx_HAL_Driver/Src/stm32f4xx_hal_spi.o
 .debug_line    0x0000000000007e60     0x2a36 ./Drivers/STM32F4xx_HAL_Driver/Src/stm32f4xx_hal_uart.o
 .debug_line    0x000000000000a896      0xe23 ./nrf24/src/nrf24_ELBC.o

.debug_str      0x0000000000000000    0xba8b2
 .debug_str     0x0000000000000000    0xb88e4 ./Core/Src/main.o
                                      0xb8c44 (size before relaxing)
 .debug_str     0x00000000000b88e4       0xa1 ./Core/Src/stm32f4xx_hal_msp.o
                                      0xb42d0 (size before relaxing)
 .debug_str     0x00000000000b8985      0x14f ./Core/Src/stm32f4xx_it.o
                                      0xb3b8f (size before relaxing)
 .debug_str     0x00000000000b8ad4       0xdb ./Core/Src/system_stm32f4xx.o
                                      0xb30a7 (size before relaxing)
 .debug_str     0x00000000000b8baf       0x36 ./Core/Startup/startup_stm32f405rgtx.o
                                         0x8a (size before relaxing)
 .debug_str     0x00000000000b8be5      0x60d ./Drivers/STM32F4xx_HAL_Driver/Src/stm32f4xx_hal.o
                                      0xb3c0a (size before relaxing)
 .debug_str     0x00000000000b91f2      0x326 ./Drivers/STM32F4xx_HAL_Driver/Src/stm32f4xx_hal_cortex.o
                                      0xb393d (size before relaxing)
 .debug_str     0x00000000000b9518      0x31a ./Drivers/STM32F4xx_HAL_Driver/Src/stm32f4xx_hal_dma.o
                                      0xb34c1 (size before relaxing)
 .debug_str     0x00000000000b9832       0xe3 ./Drivers/STM32F4xx_HAL_Driver/Src/stm32f4xx_hal_gpio.o
                                      0xb3222 (size before relaxing)
 .debug_str     0x00000000000b9915      0x233 ./Drivers/STM32F4xx_HAL_Driver/Src/stm32f4xx_hal_rcc.o
                                      0xb34db (size before relaxing)
 .debug_str     0x00000000000b9b48      0x54a ./Drivers/STM32F4xx_HAL_Driver/Src/stm32f4xx_hal_spi.o
                                      0xb396b (size before relaxing)
 .debug_str     0x00000000000ba092      0x5cb ./Drivers/STM32F4xx_HAL_Driver/Src/stm32f4xx_hal_uart.o
                                      0xb3a7a (size before relaxing)
 .debug_str     0x00000000000ba65d      0x255 ./nrf24/src/nrf24_ELBC.o
                                      0xb82b0 (size before relaxing)

.comment        0x0000000000000000       0x50
 .comment       0x0000000000000000       0x50 ./Core/Src/main.o
                                         0x51 (size before relaxing)
 .comment       0x0000000000000050       0x51 ./Core/Src/stm32f4xx_hal_msp.o
 .comment       0x0000000000000050       0x51 ./Core/Src/stm32f4xx_it.o
 .comment       0x0000000000000050       0x51 ./Core/Src/system_stm32f4xx.o
 .comment       0x0000000000000050       0x51 ./Drivers/STM32F4xx_HAL_Driver/Src/stm32f4xx_hal.o
 .comment       0x0000000000000050       0x51 ./Drivers/STM32F4xx_HAL_Driver/Src/stm32f4xx_hal_cortex.o
 .comment       0x0000000000000050       0x51 ./Drivers/STM32F4xx_HAL_Driver/Src/stm32f4xx_hal_dma.o
 .comment       0x0000000000000050       0x51 ./Drivers/STM32F4xx_HAL_Driver/Src/stm32f4xx_hal_gpio.o
 .comment       0x0000000000000050       0x51 ./Drivers/STM32F4xx_HAL_Driver/Src/stm32f4xx_hal_rcc.o
 .comment       0x0000000000000050       0x51 ./Drivers/STM32F4xx_HAL_Driver/Src/stm32f4xx_hal_spi.o
 .comment       0x0000000000000050       0x51 ./Drivers/STM32F4xx_HAL_Driver/Src/stm32f4xx_hal_uart.o
 .comment       0x0000000000000050       0x51 ./nrf24/src/nrf24_ELBC.o

.debug_frame    0x0000000000000000     0x26ac
 .debug_frame   0x0000000000000000      0x154 ./Core/Src/main.o
 .debug_frame   0x0000000000000154       0xc8 ./Core/Src/stm32f4xx_hal_msp.o
 .debug_frame   0x000000000000021c      0x190 ./Core/Src/stm32f4xx_it.o
 .debug_frame   0x00000000000003ac       0x58 ./Core/Src/system_stm32f4xx.o
 .debug_frame   0x0000000000000404      0x374 ./Drivers/STM32F4xx_HAL_Driver/Src/stm32f4xx_hal.o
 .debug_frame   0x0000000000000778      0x498 ./Drivers/STM32F4xx_HAL_Driver/Src/stm32f4xx_hal_cortex.o
 .debug_frame   0x0000000000000c10      0x250 ./Drivers/STM32F4xx_HAL_Driver/Src/stm32f4xx_hal_dma.o
 .debug_frame   0x0000000000000e60      0x14c ./Drivers/STM32F4xx_HAL_Driver/Src/stm32f4xx_hal_gpio.o
 .debug_frame   0x0000000000000fac      0x1f4 ./Drivers/STM32F4xx_HAL_Driver/Src/stm32f4xx_hal_rcc.o
 .debug_frame   0x00000000000011a0      0x824 ./Drivers/STM32F4xx_HAL_Driver/Src/stm32f4xx_hal_spi.o
 .debug_frame   0x00000000000019c4      0x92c ./Drivers/STM32F4xx_HAL_Driver/Src/stm32f4xx_hal_uart.o
 .debug_frame   0x00000000000022f0      0x310 ./nrf24/src/nrf24_ELBC.o
 .debug_frame   0x0000000000002600       0x2c c:/st/stm32cubeide_1.12.0/stm32cubeide/plugins/com.st.stm32cube.ide.mcu.externaltools.gnu-tools-for-stm32.10.3-2021.10.win32_1.0.200.202301161003/tools/bin/../lib/gcc/arm-none-eabi/10.3.1/../../../../arm-none-eabi/lib/thumb/v7e-m+fp/hard\libc_nano.a(lib_a-init.o)
 .debug_frame   0x000000000000262c       0x20 c:/st/stm32cubeide_1.12.0/stm32cubeide/plugins/com.st.stm32cube.ide.mcu.externaltools.gnu-tools-for-stm32.10.3-2021.10.win32_1.0.200.202301161003/tools/bin/../lib/gcc/arm-none-eabi/10.3.1/../../../../arm-none-eabi/lib/thumb/v7e-m+fp/hard\libc_nano.a(lib_a-memset.o)
 .debug_frame   0x000000000000264c       0x2c c:/st/stm32cubeide_1.12.0/stm32cubeide/plugins/com.st.stm32cube.ide.mcu.externaltools.gnu-tools-for-stm32.10.3-2021.10.win32_1.0.200.202301161003/tools/bin/../lib/gcc/arm-none-eabi/10.3.1/thumb/v7e-m+fp/hard\libgcc.a(_aeabi_uldivmod.o)
 .debug_frame   0x0000000000002678       0x34 c:/st/stm32cubeide_1.12.0/stm32cubeide/plugins/com.st.stm32cube.ide.mcu.externaltools.gnu-tools-for-stm32.10.3-2021.10.win32_1.0.200.202301161003/tools/bin/../lib/gcc/arm-none-eabi/10.3.1/thumb/v7e-m+fp/hard\libgcc.a(_udivmoddi4.o)
