../nrf24/src/nrf24_ELBC.c:8:6:nRF24_CSN_Select	16	static
../nrf24/src/nrf24_ELBC.c:30:6:nRF24_CSN_UnSelect	16	static
../nrf24/src/nrf24_ELBC.c:52:6:nRF24_CE_Enable	16	static
../nrf24/src/nrf24_ELBC.c:74:6:nRF24_CE_Disable	16	static
../nrf24/src/nrf24_ELBC.c:102:6:nRF24_WriteReg	24	static
../nrf24/src/nrf24_ELBC.c:128:6:nRF24_WriteMBReg	24	static
../nrf24/src/nrf24_ELBC.c:153:9:nRF24_ReadReg	24	static
../nrf24/src/nrf24_ELBC.c:178:6:nRF24_ReadMBReg	16	static
../nrf24/src/nrf24_ELBC.c:201:6:nRF24_SendCMD	16	static
../nrf24/src/nrf24_ELBC.c:220:6:nRF24_Reset	16	static
../nrf24/src/nrf24_ELBC.c:234:6:nRF24_Module_Setup	40	static
../nrf24/src/nrf24_ELBC.c:324:9:nRF24_Transmit	24	static
../nrf24/src/nrf24_ELBC.c:376:9:isDataAvailable	24	static
../nrf24/src/nrf24_ELBC.c:397:9:isDataAvailable_it	24	static
../nrf24/src/nrf24_ELBC.c:419:6:nRF24_Receive	24	static
../nrf24/src/nrf24_ELBC.c:477:6:nRF24_ReadAllRegs	32	static
../nrf24/src/nrf24_ELBC.c:499:6:nRF24_Power	24	static
../nrf24/src/nrf24_ELBC.c:518:6:nRF24_Transmit_Report	24	static
../nrf24/src/nrf24_ELBC.c:555:6:nRF24_Receive_Report	24	static
../nrf24/src/nrf24_ELBC.c:616:6:nRF24_Register_Display	56	static
../nrf24/src/nrf24_ELBC.c:702:6:nRF24_sendRegisterValue	32	static
